Flow report for CPU
Mon Dec 11 20:56:42 2017
Quartus Prime Version 15.1.0 Build 185 10/21/2015 SJ Lite Edition


---------------------
; Table of Contents ;
---------------------
  1. Legal Notice
  2. Flow Summary
  3. Flow Settings
  4. Flow Non-Default Global Settings
  5. Flow Elapsed Time
  6. Flow OS Summary
  7. Flow Log
  8. Flow Messages
  9. Flow Suppressed Messages



----------------
; Legal Notice ;
----------------
Copyright (C) 1991-2015 Altera Corporation. All rights reserved.
Your use of Altera Corporation's design tools, logic functions 
and other software and tools, and its AMPP partner logic 
functions, and any output files from any of the foregoing 
(including device programming or simulation files), and any 
associated documentation or information are expressly subject 
to the terms and conditions of the Altera Program License 
Subscription Agreement, the Altera Quartus Prime License Agreement,
the Altera MegaCore Function License Agreement, or other 
applicable license agreement, including, without limitation, 
that your use is for the sole purpose of programming logic 
devices manufactured by Altera and sold by Altera or its 
authorized distributors.  Please refer to the applicable 
agreement for further details.



+----------------------------------------------------------------------------------+
; Flow Summary                                                                     ;
+------------------------------------+---------------------------------------------+
; Flow Status                        ; Successful - Mon Dec 11 20:56:42 2017       ;
; Quartus Prime Version              ; 15.1.0 Build 185 10/21/2015 SJ Lite Edition ;
; Revision Name                      ; CPU                                         ;
; Top-level Entity Name              ; CPU                                         ;
; Family                             ; Cyclone IV E                                ;
; Device                             ; EP4CE115F29C7                               ;
; Timing Models                      ; Final                                       ;
; Total logic elements               ; 30,173 / 114,480 ( 26 % )                   ;
;     Total combinational functions  ; 24,133 / 114,480 ( 21 % )                   ;
;     Dedicated logic registers      ; 18,966 / 114,480 ( 17 % )                   ;
; Total registers                    ; 18966                                       ;
; Total pins                         ; 134 / 529 ( 25 % )                          ;
; Total virtual pins                 ; 0                                           ;
; Total memory bits                  ; 12,960 / 3,981,312 ( < 1 % )                ;
; Embedded Multiplier 9-bit elements ; 6 / 532 ( 1 % )                             ;
; Total PLLs                         ; 0 / 4 ( 0 % )                               ;
+------------------------------------+---------------------------------------------+


+-----------------------------------------+
; Flow Settings                           ;
+-------------------+---------------------+
; Option            ; Setting             ;
+-------------------+---------------------+
; Start date & time ; 12/11/2017 20:21:18 ;
; Main task         ; Compilation         ;
; Revision Name     ; CPU                 ;
+-------------------+---------------------+


+----------------------------------------------------------------------------------------------------------------------------------------+
; Flow Non-Default Global Settings                                                                                                       ;
+--------------------------------------------+---------------------------------------+--------------------+-------------+----------------+
; Assignment Name                            ; Value                                 ; Default Value      ; Entity Name ; Section Id     ;
+--------------------------------------------+---------------------------------------+--------------------+-------------+----------------+
; ALM_REGISTER_PACKING_EFFORT                ; High                                  ; Medium             ; --          ; --             ;
; COMPILER_SIGNATURE_ID                      ; 0.151303087817899                     ; --                 ; --          ; --             ;
; EDA_OUTPUT_DATA_FORMAT                     ; Vhdl                                  ; --                 ; --          ; eda_simulation ;
; EDA_SIMULATION_TOOL                        ; ModelSim-Altera (VHDL)                ; <None>             ; --          ; --             ;
; FINAL_PLACEMENT_OPTIMIZATION               ; Never                                 ; Automatically      ; --          ; --             ;
; FITTER_AGGRESSIVE_ROUTABILITY_OPTIMIZATION ; Always                                ; Automatically      ; --          ; --             ;
; FITTER_EFFORT                              ; Fast Fit                              ; Auto Fit           ; --          ; --             ;
; MAX_CORE_JUNCTION_TEMP                     ; 85                                    ; --                 ; --          ; --             ;
; MIN_CORE_JUNCTION_TEMP                     ; 0                                     ; --                 ; --          ; --             ;
; OPTIMIZATION_MODE                          ; Aggressive Area                       ; Balanced           ; --          ; --             ;
; OPTIMIZATION_TECHNIQUE                     ; Area                                  ; Balanced           ; --          ; --             ;
; OPTIMIZE_HOLD_TIMING                       ; Off                                   ; All Paths          ; --          ; --             ;
; OPTIMIZE_TIMING                            ; Off                                   ; Normal compilation ; --          ; --             ;
; OUTPUT_IO_TIMING_FAR_END_VMEAS             ; Half Signal Swing                     ; --                 ; --          ; --             ;
; OUTPUT_IO_TIMING_FAR_END_VMEAS             ; Half Signal Swing                     ; --                 ; --          ; --             ;
; OUTPUT_IO_TIMING_NEAR_END_VMEAS            ; Half Vccio                            ; --                 ; --          ; --             ;
; OUTPUT_IO_TIMING_NEAR_END_VMEAS            ; Half Vccio                            ; --                 ; --          ; --             ;
; PARTITION_COLOR                            ; 16764057                              ; --                 ; --          ; Top            ;
; PARTITION_FITTER_PRESERVATION_LEVEL        ; PLACEMENT_AND_ROUTING                 ; --                 ; --          ; Top            ;
; PARTITION_NETLIST_TYPE                     ; SOURCE                                ; --                 ; --          ; Top            ;
; PHYSICAL_SYNTHESIS_COMBO_LOGIC_FOR_AREA    ; On                                    ; Off                ; --          ; --             ;
; POWER_BOARD_THERMAL_MODEL                  ; None (CONSERVATIVE)                   ; --                 ; --          ; --             ;
; POWER_PRESET_COOLING_SOLUTION              ; 23 MM HEAT SINK WITH 200 LFPM AIRFLOW ; --                 ; --          ; --             ;
; PROJECT_OUTPUT_DIRECTORY                   ; output_files                          ; --                 ; --          ; --             ;
; SMART_RECOMPILE                            ; On                                    ; Off                ; --          ; --             ;
+--------------------------------------------+---------------------------------------+--------------------+-------------+----------------+


+-------------------------------------------------------------------------------------------------------------------------------+
; Flow Elapsed Time                                                                                                             ;
+---------------------------+--------------+-------------------------+---------------------+------------------------------------+
; Module Name               ; Elapsed Time ; Average Processors Used ; Peak Virtual Memory ; Total CPU Time (on all processors) ;
+---------------------------+--------------+-------------------------+---------------------+------------------------------------+
; Analysis & Synthesis      ; 00:02:20     ; 1.0                     ; 1562 MB             ; 00:02:40                           ;
; Fitter                    ; 00:29:49     ; 1.0                     ; 1765 MB             ; 00:29:46                           ;
; Assembler                 ; 00:00:08     ; 1.0                     ; 1205 MB             ; 00:00:07                           ;
; TimeQuest Timing Analyzer ; 00:01:47     ; 1.0                     ; 1592 MB             ; 00:01:46                           ;
; EDA Netlist Writer        ; 00:00:38     ; 1.0                     ; 1600 MB             ; 00:00:37                           ;
; Total                     ; 00:34:42     ; --                      ; --                  ; 00:34:56                           ;
+---------------------------+--------------+-------------------------+---------------------+------------------------------------+


+------------------------------------------------------------------------------------------------+
; Flow OS Summary                                                                                ;
+---------------------------+-----------------------+-------------+-------------+----------------+
; Module Name               ; Machine Hostname      ; OS Name     ; OS Version  ; Processor type ;
+---------------------------+-----------------------+-------------+-------------+----------------+
; Analysis & Synthesis      ; localhost.localdomain ; Fedora Core ; Fedora Core ; x86_64         ;
; Fitter                    ; localhost.localdomain ; Fedora Core ; Fedora Core ; x86_64         ;
; Assembler                 ; localhost.localdomain ; Fedora Core ; Fedora Core ; x86_64         ;
; TimeQuest Timing Analyzer ; localhost.localdomain ; Fedora Core ; Fedora Core ; x86_64         ;
; EDA Netlist Writer        ; localhost.localdomain ; Fedora Core ; Fedora Core ; x86_64         ;
+---------------------------+-----------------------+-------------+-------------+----------------+


------------
; Flow Log ;
------------
quartus_map --read_settings_files=on --write_settings_files=off CPU -c CPU
quartus_fit --read_settings_files=off --write_settings_files=off CPU -c CPU
quartus_asm --read_settings_files=off --write_settings_files=off CPU -c CPU
quartus_sta CPU -c CPU
quartus_eda --read_settings_files=off --write_settings_files=off CPU -c CPU



