------------------------------------------------------------
TimeQuest Timing Analyzer Summary
------------------------------------------------------------

Type  : Slow 1200mV 85C Model Setup 'PC:inst12|programCounter[0]'
Slack : -161.021
TNS   : -515186.170

Type  : Slow 1200mV 85C Model Setup 'frequencyDivider:inst16|ClkOut'
Slack : -59.463
TNS   : -688911.453

Type  : Slow 1200mV 85C Model Setup 'machineClock'
Slack : -2.132
TNS   : -21.342

Type  : Slow 1200mV 85C Model Hold 'PC:inst12|programCounter[0]'
Slack : -16.567
TNS   : -182196.538

Type  : Slow 1200mV 85C Model Hold 'frequencyDivider:inst16|ClkOut'
Slack : -3.236
TNS   : -55.138

Type  : Slow 1200mV 85C Model Hold 'machineClock'
Slack : 0.402
TNS   : 0.000

Type  : Slow 1200mV 85C Model Minimum Pulse Width 'PC:inst12|programCounter[0]'
Slack : -5.102
TNS   : -524641.537

Type  : Slow 1200mV 85C Model Minimum Pulse Width 'machineClock'
Slack : -3.000
TNS   : -22.275

Type  : Slow 1200mV 85C Model Minimum Pulse Width 'frequencyDivider:inst16|ClkOut'
Slack : -2.693
TNS   : -22210.432

Type  : Slow 1200mV 0C Model Setup 'PC:inst12|programCounter[0]'
Slack : -145.771
TNS   : -471910.954

Type  : Slow 1200mV 0C Model Setup 'frequencyDivider:inst16|ClkOut'
Slack : -54.419
TNS   : -631939.824

Type  : Slow 1200mV 0C Model Setup 'machineClock'
Slack : -1.857
TNS   : -17.778

Type  : Slow 1200mV 0C Model Hold 'PC:inst12|programCounter[0]'
Slack : -15.188
TNS   : -168395.095

Type  : Slow 1200mV 0C Model Hold 'frequencyDivider:inst16|ClkOut'
Slack : -2.893
TNS   : -41.426

Type  : Slow 1200mV 0C Model Hold 'machineClock'
Slack : 0.354
TNS   : 0.000

Type  : Slow 1200mV 0C Model Minimum Pulse Width 'PC:inst12|programCounter[0]'
Slack : -4.845
TNS   : -478696.235

Type  : Slow 1200mV 0C Model Minimum Pulse Width 'machineClock'
Slack : -3.000
TNS   : -22.275

Type  : Slow 1200mV 0C Model Minimum Pulse Width 'frequencyDivider:inst16|ClkOut'
Slack : -2.649
TNS   : -22210.256

Type  : Fast 1200mV 0C Model Setup 'PC:inst12|programCounter[0]'
Slack : -79.547
TNS   : -261963.991

Type  : Fast 1200mV 0C Model Setup 'frequencyDivider:inst16|ClkOut'
Slack : -29.333
TNS   : -348029.192

Type  : Fast 1200mV 0C Model Setup 'machineClock'
Slack : -0.520
TNS   : -3.386

Type  : Fast 1200mV 0C Model Hold 'PC:inst12|programCounter[0]'
Slack : -8.299
TNS   : -91175.280

Type  : Fast 1200mV 0C Model Hold 'frequencyDivider:inst16|ClkOut'
Slack : -1.724
TNS   : -48.191

Type  : Fast 1200mV 0C Model Hold 'machineClock'
Slack : 0.181
TNS   : 0.000

Type  : Fast 1200mV 0C Model Minimum Pulse Width 'machineClock'
Slack : -3.000
TNS   : -18.900

Type  : Fast 1200mV 0C Model Minimum Pulse Width 'PC:inst12|programCounter[0]'
Slack : -2.623
TNS   : -242124.628

Type  : Fast 1200mV 0C Model Minimum Pulse Width 'frequencyDivider:inst16|ClkOut'
Slack : -1.000
TNS   : -17280.000

------------------------------------------------------------
