------------------------------------------------------------
TimeQuest Timing Analyzer Summary
------------------------------------------------------------

Type  : Slow 1200mV 85C Model Setup 'PC:inst12|programCounter[0]'
Slack : -163.208
TNS   : -26542.163

Type  : Slow 1200mV 85C Model Setup 'write_frequency_divider:inst26|OUT_0_7MHz'
Slack : -51.724
TNS   : -28002.253

Type  : Slow 1200mV 85C Model Setup 'machineClock'
Slack : -32.123
TNS   : -4594.439

Type  : Slow 1200mV 85C Model Hold 'PC:inst12|programCounter[0]'
Slack : -14.789
TNS   : -11515.523

Type  : Slow 1200mV 85C Model Hold 'write_frequency_divider:inst26|OUT_0_7MHz'
Slack : -5.280
TNS   : -419.305

Type  : Slow 1200mV 85C Model Hold 'machineClock'
Slack : -2.870
TNS   : -2.870

Type  : Slow 1200mV 85C Model Minimum Pulse Width 'PC:inst12|programCounter[0]'
Slack : -5.226
TNS   : -45226.647

Type  : Slow 1200mV 85C Model Minimum Pulse Width 'machineClock'
Slack : -3.000
TNS   : -447.578

Type  : Slow 1200mV 85C Model Minimum Pulse Width 'write_frequency_divider:inst26|OUT_0_7MHz'
Slack : -2.693
TNS   : -1481.741

Type  : Slow 1200mV 0C Model Setup 'PC:inst12|programCounter[0]'
Slack : -147.588
TNS   : -24243.096

Type  : Slow 1200mV 0C Model Setup 'write_frequency_divider:inst26|OUT_0_7MHz'
Slack : -47.323
TNS   : -25583.170

Type  : Slow 1200mV 0C Model Setup 'machineClock'
Slack : -29.484
TNS   : -4187.300

Type  : Slow 1200mV 0C Model Hold 'PC:inst12|programCounter[0]'
Slack : -13.471
TNS   : -10564.307

Type  : Slow 1200mV 0C Model Hold 'write_frequency_divider:inst26|OUT_0_7MHz'
Slack : -4.839
TNS   : -408.416

Type  : Slow 1200mV 0C Model Hold 'machineClock'
Slack : -2.616
TNS   : -2.616

Type  : Slow 1200mV 0C Model Minimum Pulse Width 'PC:inst12|programCounter[0]'
Slack : -4.824
TNS   : -41041.029

Type  : Slow 1200mV 0C Model Minimum Pulse Width 'machineClock'
Slack : -3.000
TNS   : -441.154

Type  : Slow 1200mV 0C Model Minimum Pulse Width 'write_frequency_divider:inst26|OUT_0_7MHz'
Slack : -2.649
TNS   : -1480.773

Type  : Fast 1200mV 0C Model Setup 'PC:inst12|programCounter[0]'
Slack : -80.935
TNS   : -13166.821

Type  : Fast 1200mV 0C Model Setup 'write_frequency_divider:inst26|OUT_0_7MHz'
Slack : -25.681
TNS   : -13872.881

Type  : Fast 1200mV 0C Model Setup 'machineClock'
Slack : -16.431
TNS   : -2273.412

Type  : Fast 1200mV 0C Model Hold 'PC:inst12|programCounter[0]'
Slack : -7.444
TNS   : -5770.102

Type  : Fast 1200mV 0C Model Hold 'write_frequency_divider:inst26|OUT_0_7MHz'
Slack : -2.774
TNS   : -267.560

Type  : Fast 1200mV 0C Model Hold 'machineClock'
Slack : -1.574
TNS   : -1.574

Type  : Fast 1200mV 0C Model Minimum Pulse Width 'machineClock'
Slack : -3.000
TNS   : -209.718

Type  : Fast 1200mV 0C Model Minimum Pulse Width 'PC:inst12|programCounter[0]'
Slack : -2.623
TNS   : -20931.774

Type  : Fast 1200mV 0C Model Minimum Pulse Width 'write_frequency_divider:inst26|OUT_0_7MHz'
Slack : -1.000
TNS   : -1129.000

------------------------------------------------------------
