------------------------------------------------------------
TimeQuest Timing Analyzer Summary
------------------------------------------------------------

Type  : Slow 1200mV 85C Model Setup 'frequencyDivider:inst16|ClkOut'
Slack : -10.217
TNS   : -29195.515

Type  : Slow 1200mV 85C Model Setup 'machineClock'
Slack : -1.922
TNS   : -19.871

Type  : Slow 1200mV 85C Model Hold 'machineClock'
Slack : 0.385
TNS   : 0.000

Type  : Slow 1200mV 85C Model Hold 'frequencyDivider:inst16|ClkOut'
Slack : 0.440
TNS   : 0.000

Type  : Slow 1200mV 85C Model Minimum Pulse Width 'machineClock'
Slack : -3.000
TNS   : -22.275

Type  : Slow 1200mV 85C Model Minimum Pulse Width 'frequencyDivider:inst16|ClkOut'
Slack : -1.285
TNS   : -4174.965

Type  : Slow 1200mV 0C Model Setup 'frequencyDivider:inst16|ClkOut'
Slack : -9.240
TNS   : -26377.712

Type  : Slow 1200mV 0C Model Setup 'machineClock'
Slack : -1.630
TNS   : -16.448

Type  : Slow 1200mV 0C Model Hold 'machineClock'
Slack : 0.338
TNS   : 0.000

Type  : Slow 1200mV 0C Model Hold 'frequencyDivider:inst16|ClkOut'
Slack : 0.378
TNS   : 0.000

Type  : Slow 1200mV 0C Model Minimum Pulse Width 'machineClock'
Slack : -3.000
TNS   : -22.275

Type  : Slow 1200mV 0C Model Minimum Pulse Width 'frequencyDivider:inst16|ClkOut'
Slack : -1.285
TNS   : -4174.965

Type  : Fast 1200mV 0C Model Setup 'frequencyDivider:inst16|ClkOut'
Slack : -4.591
TNS   : -12476.798

Type  : Fast 1200mV 0C Model Setup 'machineClock'
Slack : -0.433
TNS   : -2.738

Type  : Fast 1200mV 0C Model Hold 'machineClock'
Slack : 0.173
TNS   : 0.000

Type  : Fast 1200mV 0C Model Hold 'frequencyDivider:inst16|ClkOut'
Slack : 0.190
TNS   : 0.000

Type  : Fast 1200mV 0C Model Minimum Pulse Width 'machineClock'
Slack : -3.000
TNS   : -18.934

Type  : Fast 1200mV 0C Model Minimum Pulse Width 'frequencyDivider:inst16|ClkOut'
Slack : -1.000
TNS   : -3249.000

------------------------------------------------------------
